**********************
PowerShell transcript start
Start time: 20250625003902
Username: FOREVER\PC
RunAs User: FOREVER\PC
Configuration Name: 
Machine: FOREVER (Microsoft Windows NT 10.0.22631.0)
Host Application: C:\Program Files\PowerShell\7\pwsh.dll -NoProfile -ExecutionPolicy Bypass -Command Import-Module 'c:\Users\PC\.vscode\extensions\ms-vscode.powershell-2025.0.0\modules\PowerShellEditorServices\PowerShellEditorServices.psd1'; Start-EditorServices -HostName 'Visual Studio Code Host' -HostProfileId 'Microsoft.VSCode' -HostVersion '2025.0.0' -BundledModulesPath 'c:\Users\PC\.vscode\extensions\ms-vscode.powershell-2025.0.0\modules' -EnableConsoleRepl -StartupBanner "PowerShell Extension v2025.0.0
Copyright (c) Microsoft Corporation.

https://aka.ms/vscode-powershell
Type 'help' to get help.
" -LogLevel 'Warning' -LogPath 'c:\Users\PC\AppData\Roaming\Code\logs\20250625T002938\window1\exthost\ms-vscode.powershell' -SessionDetailsPath 'c:\Users\PC\AppData\Roaming\Code\User\globalStorage\ms-vscode.powershell\sessions\PSES-VSCode-30428-266898.json' -FeatureFlags @() 
Process ID: 36976
PSVersion: 7.4.1
PSEdition: Core
GitCommitId: 7.4.1
OS: Microsoft Windows 10.0.22631
Platform: Win32NT
PSCompatibleVersions: 1.0, 2.0, 3.0, 4.0, 5.0, 5.1, 6.0, 7.0
PSRemotingProtocolVersion: 2.3
SerializationVersion: 1.1.0.1
WSManStackVersion: 3.0
**********************
Transcript started, output file is X:\_workspace\Portable-Customized-Powershell\logs\ForeverShell_2025-06-25_12-39-02.log
                     Windows Powershell 7.4.1

Initiative Text Printed! Because this is the exact text! Haha!!
PSVersion                      7.4.1
PSEdition                      Core
BuildVersion                   Microsoft Windows 10.0.22631
CLRVersion                     Win32NT

Windows Powershell Forever Edition
as


[User] FOREVER\PC (default)  X:\_workspace\Portable-Customized-Powershell [Portable-ForeverShell]
>
